[2020-10-30T01:01:13.180+0300][gc,heap] Heap region size: 1M
[2020-10-30T01:01:13.192+0300][gc     ] Using G1
[2020-10-30T01:01:13.192+0300][gc,heap,coops] Heap address: 0x00000007c0000000, size: 1024 MB, Compressed Oops mode: Zero based, Oop shift amount: 3
[2020-10-30T01:01:20.149+0300][gc,start     ] GC(0) Pause Young (Concurrent Start) (Metadata GC Threshold)
[2020-10-30T01:01:20.149+0300][gc,task      ] GC(0) Using 4 workers of 4 for evacuation
[2020-10-30T01:01:20.156+0300][gc,phases    ] GC(0)   Pre Evacuate Collection Set: 0.0ms
[2020-10-30T01:01:20.156+0300][gc,phases    ] GC(0)   Evacuate Collection Set: 5.8ms
[2020-10-30T01:01:20.156+0300][gc,phases    ] GC(0)   Post Evacuate Collection Set: 0.4ms
[2020-10-30T01:01:20.156+0300][gc,phases    ] GC(0)   Other: 0.6ms
[2020-10-30T01:01:20.156+0300][gc,heap      ] GC(0) Eden regions: 39->0(44)
[2020-10-30T01:01:20.156+0300][gc,heap      ] GC(0) Survivor regions: 0->7(7)
[2020-10-30T01:01:20.156+0300][gc,heap      ] GC(0) Old regions: 0->0
[2020-10-30T01:01:20.156+0300][gc,heap      ] GC(0) Humongous regions: 0->0
[2020-10-30T01:01:20.156+0300][gc,metaspace ] GC(0) Metaspace: 20693K->20693K(1069056K)
[2020-10-30T01:01:20.156+0300][gc           ] GC(0) Pause Young (Concurrent Start) (Metadata GC Threshold) 39M->6M(1024M) 7.228ms
[2020-10-30T01:01:20.156+0300][gc,cpu       ] GC(0) User=0.01s Sys=0.01s Real=0.01s
[2020-10-30T01:01:20.156+0300][gc           ] GC(1) Concurrent Cycle
[2020-10-30T01:01:20.156+0300][gc,marking   ] GC(1) Concurrent Clear Claimed Marks
[2020-10-30T01:01:20.156+0300][gc,marking   ] GC(1) Concurrent Clear Claimed Marks 0.036ms
[2020-10-30T01:01:20.156+0300][gc,marking   ] GC(1) Concurrent Scan Root Regions
[2020-10-30T01:01:20.160+0300][gc,marking   ] GC(1) Concurrent Scan Root Regions 4.041ms
[2020-10-30T01:01:20.161+0300][gc,marking   ] GC(1) Concurrent Mark (6.992s)
[2020-10-30T01:01:20.161+0300][gc,marking   ] GC(1) Concurrent Mark From Roots
[2020-10-30T01:01:20.161+0300][gc,task      ] GC(1) Using 1 workers of 1 for marking
[2020-10-30T01:01:20.161+0300][gc,marking   ] GC(1) Concurrent Mark From Roots 0.202ms
[2020-10-30T01:01:20.161+0300][gc,marking   ] GC(1) Concurrent Preclean
[2020-10-30T01:01:20.161+0300][gc,marking   ] GC(1) Concurrent Preclean 0.032ms
[2020-10-30T01:01:20.161+0300][gc,marking   ] GC(1) Concurrent Mark (6.992s, 6.992s) 0.295ms
[2020-10-30T01:01:20.161+0300][gc,start     ] GC(1) Pause Remark
[2020-10-30T01:01:20.163+0300][gc,stringtable] GC(1) Cleaned string and symbol table, strings: 7293 processed, 0 removed, symbols: 63711 processed, 40 removed
[2020-10-30T01:01:20.163+0300][gc            ] GC(1) Pause Remark 6M->6M(1024M) 2.020ms
[2020-10-30T01:01:20.163+0300][gc,cpu        ] GC(1) User=0.01s Sys=0.00s Real=0.00s
[2020-10-30T01:01:20.163+0300][gc,marking    ] GC(1) Concurrent Rebuild Remembered Sets
[2020-10-30T01:01:20.163+0300][gc,marking    ] GC(1) Concurrent Rebuild Remembered Sets 0.087ms
[2020-10-30T01:01:20.163+0300][gc,start      ] GC(1) Pause Cleanup
[2020-10-30T01:01:20.163+0300][gc            ] GC(1) Pause Cleanup 6M->6M(1024M) 0.163ms
[2020-10-30T01:01:20.163+0300][gc,cpu        ] GC(1) User=0.00s Sys=0.00s Real=0.00s
[2020-10-30T01:01:20.163+0300][gc,marking    ] GC(1) Concurrent Cleanup for Next Mark
[2020-10-30T01:01:20.172+0300][gc,marking    ] GC(1) Concurrent Cleanup for Next Mark 8.768ms
[2020-10-30T01:01:20.172+0300][gc            ] GC(1) Concurrent Cycle 15.992ms
[2020-10-30T01:01:21.588+0300][gc,start      ] GC(2) Pause Young (Normal) (G1 Evacuation Pause)
[2020-10-30T01:01:21.588+0300][gc,task       ] GC(2) Using 4 workers of 4 for evacuation
[2020-10-30T01:01:21.608+0300][gc,phases     ] GC(2)   Pre Evacuate Collection Set: 0.0ms
[2020-10-30T01:01:21.608+0300][gc,phases     ] GC(2)   Evacuate Collection Set: 19.0ms
[2020-10-30T01:01:21.608+0300][gc,phases     ] GC(2)   Post Evacuate Collection Set: 0.4ms
[2020-10-30T01:01:21.608+0300][gc,phases     ] GC(2)   Other: 0.2ms
[2020-10-30T01:01:21.608+0300][gc,heap       ] GC(2) Eden regions: 44->0(48)
[2020-10-30T01:01:21.608+0300][gc,heap       ] GC(2) Survivor regions: 7->3(7)
[2020-10-30T01:01:21.608+0300][gc,heap       ] GC(2) Old regions: 0->7
[2020-10-30T01:01:21.608+0300][gc,heap       ] GC(2) Humongous regions: 129->129
[2020-10-30T01:01:21.608+0300][gc,metaspace  ] GC(2) Metaspace: 30820K->30820K(1077248K)
[2020-10-30T01:01:21.608+0300][gc            ] GC(2) Pause Young (Normal) (G1 Evacuation Pause) 179M->137M(1024M) 19.839ms
[2020-10-30T01:01:21.608+0300][gc,cpu        ] GC(2) User=0.02s Sys=0.01s Real=0.02s
[2020-10-30T01:01:22.165+0300][gc,start      ] GC(3) Pause Young (Concurrent Start) (Metadata GC Threshold)
[2020-10-30T01:01:22.165+0300][gc,task       ] GC(3) Using 4 workers of 4 for evacuation
[2020-10-30T01:01:22.172+0300][gc,phases     ] GC(3)   Pre Evacuate Collection Set: 0.1ms
[2020-10-30T01:01:22.172+0300][gc,phases     ] GC(3)   Evacuate Collection Set: 7.0ms
[2020-10-30T01:01:22.172+0300][gc,phases     ] GC(3)   Post Evacuate Collection Set: 0.2ms
[2020-10-30T01:01:22.172+0300][gc,phases     ] GC(3)   Other: 0.2ms
[2020-10-30T01:01:22.172+0300][gc,heap       ] GC(3) Eden regions: 25->0(46)
[2020-10-30T01:01:22.172+0300][gc,heap       ] GC(3) Survivor regions: 3->5(7)
[2020-10-30T01:01:22.172+0300][gc,heap       ] GC(3) Old regions: 7->7
[2020-10-30T01:01:22.172+0300][gc,heap       ] GC(3) Humongous regions: 129->129
[2020-10-30T01:01:22.172+0300][gc,metaspace  ] GC(3) Metaspace: 34956K->34956K(1081344K)
[2020-10-30T01:01:22.172+0300][gc            ] GC(3) Pause Young (Concurrent Start) (Metadata GC Threshold) 162M->139M(1024M) 7.704ms
[2020-10-30T01:01:22.172+0300][gc,cpu        ] GC(3) User=0.01s Sys=0.00s Real=0.01s
[2020-10-30T01:01:22.172+0300][gc            ] GC(4) Concurrent Cycle
[2020-10-30T01:01:22.172+0300][gc,marking    ] GC(4) Concurrent Clear Claimed Marks
[2020-10-30T01:01:22.172+0300][gc,marking    ] GC(4) Concurrent Clear Claimed Marks 0.055ms
[2020-10-30T01:01:22.172+0300][gc,marking    ] GC(4) Concurrent Scan Root Regions
[2020-10-30T01:01:22.177+0300][gc,marking    ] GC(4) Concurrent Scan Root Regions 4.235ms
[2020-10-30T01:01:22.177+0300][gc,marking    ] GC(4) Concurrent Mark (9.008s)
[2020-10-30T01:01:22.177+0300][gc,marking    ] GC(4) Concurrent Mark From Roots
[2020-10-30T01:01:22.177+0300][gc,task       ] GC(4) Using 1 workers of 1 for marking
[2020-10-30T01:01:22.186+0300][gc,marking    ] GC(4) Concurrent Mark From Roots 9.016ms
[2020-10-30T01:01:22.186+0300][gc,marking    ] GC(4) Concurrent Preclean
[2020-10-30T01:01:22.186+0300][gc,marking    ] GC(4) Concurrent Preclean 0.071ms
[2020-10-30T01:01:22.186+0300][gc,marking    ] GC(4) Concurrent Mark (9.008s, 9.017s) 9.165ms
[2020-10-30T01:01:22.186+0300][gc,start      ] GC(4) Pause Remark
[2020-10-30T01:01:22.191+0300][gc,stringtable] GC(4) Cleaned string and symbol table, strings: 11761 processed, 7 removed, symbols: 96166 processed, 24 removed
[2020-10-30T01:01:22.191+0300][gc            ] GC(4) Pause Remark 140M->140M(1024M) 4.568ms
[2020-10-30T01:01:22.191+0300][gc,cpu        ] GC(4) User=0.01s Sys=0.00s Real=0.01s
[2020-10-30T01:01:22.191+0300][gc,marking    ] GC(4) Concurrent Rebuild Remembered Sets
[2020-10-30T01:01:22.198+0300][gc,marking    ] GC(4) Concurrent Rebuild Remembered Sets 6.461ms
[2020-10-30T01:01:22.198+0300][gc,start      ] GC(4) Pause Cleanup
[2020-10-30T01:01:22.198+0300][gc            ] GC(4) Pause Cleanup 140M->140M(1024M) 0.127ms
[2020-10-30T01:01:22.198+0300][gc,cpu        ] GC(4) User=0.00s Sys=0.00s Real=0.00s
[2020-10-30T01:01:22.198+0300][gc,marking    ] GC(4) Concurrent Cleanup for Next Mark
[2020-10-30T01:01:22.209+0300][gc,marking    ] GC(4) Concurrent Cleanup for Next Mark 11.014ms
[2020-10-30T01:01:22.209+0300][gc            ] GC(4) Concurrent Cycle 36.911ms
[2020-10-30T01:02:36.458+0300][gc,start      ] GC(5) Pause Young (Normal) (G1 Evacuation Pause)
[2020-10-30T01:02:36.458+0300][gc,task       ] GC(5) Using 4 workers of 4 for evacuation
[2020-10-30T01:02:36.475+0300][gc,phases     ] GC(5)   Pre Evacuate Collection Set: 0.0ms
[2020-10-30T01:02:36.475+0300][gc,phases     ] GC(5)   Evacuate Collection Set: 16.2ms
[2020-10-30T01:02:36.475+0300][gc,phases     ] GC(5)   Post Evacuate Collection Set: 0.5ms
[2020-10-30T01:02:36.475+0300][gc,phases     ] GC(5)   Other: 0.4ms
[2020-10-30T01:02:36.475+0300][gc,heap       ] GC(5) Eden regions: 46->0(45)
[2020-10-30T01:02:36.475+0300][gc,heap       ] GC(5) Survivor regions: 5->6(7)
[2020-10-30T01:02:36.475+0300][gc,heap       ] GC(5) Old regions: 7->9
[2020-10-30T01:02:36.475+0300][gc,heap       ] GC(5) Humongous regions: 129->129
[2020-10-30T01:02:36.475+0300][gc,metaspace  ] GC(5) Metaspace: 44140K->44140K(1089536K)
[2020-10-30T01:02:36.475+0300][gc            ] GC(5) Pause Young (Normal) (G1 Evacuation Pause) 185M->142M(1024M) 17.376ms
[2020-10-30T01:02:36.475+0300][gc,cpu        ] GC(5) User=0.03s Sys=0.00s Real=0.02s
[2020-10-30T01:11:51.106+0300][gc,start      ] GC(6) Pause Young (Normal) (G1 Evacuation Pause)
[2020-10-30T01:11:51.106+0300][gc,task       ] GC(6) Using 4 workers of 4 for evacuation
[2020-10-30T01:11:51.129+0300][gc,mmu        ] GC(6) MMU target violated: 21.0ms (20.0ms/21.0ms)
[2020-10-30T01:11:51.130+0300][gc,phases     ] GC(6)   Pre Evacuate Collection Set: 0.0ms
[2020-10-30T01:11:51.130+0300][gc,phases     ] GC(6)   Evacuate Collection Set: 22.3ms
[2020-10-30T01:11:51.130+0300][gc,phases     ] GC(6)   Post Evacuate Collection Set: 0.6ms
[2020-10-30T01:11:51.130+0300][gc,phases     ] GC(6)   Other: 0.5ms
[2020-10-30T01:11:51.130+0300][gc,heap       ] GC(6) Eden regions: 45->0(45)
[2020-10-30T01:11:51.130+0300][gc,heap       ] GC(6) Survivor regions: 6->6(7)
[2020-10-30T01:11:51.130+0300][gc,heap       ] GC(6) Old regions: 9->11
[2020-10-30T01:11:51.130+0300][gc,heap       ] GC(6) Humongous regions: 129->129
[2020-10-30T01:11:51.130+0300][gc,metaspace  ] GC(6) Metaspace: 47350K->47350K(1091584K)
[2020-10-30T01:11:51.130+0300][gc            ] GC(6) Pause Young (Normal) (G1 Evacuation Pause) 187M->145M(1024M) 23.508ms
[2020-10-30T01:11:51.130+0300][gc,cpu        ] GC(6) User=0.03s Sys=0.01s Real=0.03s
[2020-10-30T01:26:30.198+0300][gc,start      ] GC(7) Pause Young (Normal) (G1 Evacuation Pause)
[2020-10-30T01:26:30.199+0300][gc,task       ] GC(7) Using 4 workers of 4 for evacuation
[2020-10-30T01:26:30.221+0300][gc,mmu        ] GC(7) MMU target violated: 21.0ms (20.0ms/21.0ms)
[2020-10-30T01:26:30.221+0300][gc,phases     ] GC(7)   Pre Evacuate Collection Set: 0.1ms
[2020-10-30T01:26:30.221+0300][gc,phases     ] GC(7)   Evacuate Collection Set: 19.4ms
[2020-10-30T01:26:30.221+0300][gc,phases     ] GC(7)   Post Evacuate Collection Set: 2.4ms
[2020-10-30T01:26:30.221+0300][gc,phases     ] GC(7)   Other: 1.9ms
[2020-10-30T01:26:30.221+0300][gc,heap       ] GC(7) Eden regions: 45->0(47)
[2020-10-30T01:26:30.222+0300][gc,heap       ] GC(7) Survivor regions: 6->4(7)
[2020-10-30T01:26:30.222+0300][gc,heap       ] GC(7) Old regions: 11->14
[2020-10-30T01:26:30.222+0300][gc,heap       ] GC(7) Humongous regions: 129->129
[2020-10-30T01:26:30.222+0300][gc,metaspace  ] GC(7) Metaspace: 47612K->47612K(1093632K)
[2020-10-30T01:26:30.222+0300][gc            ] GC(7) Pause Young (Normal) (G1 Evacuation Pause) 190M->146M(1024M) 23.927ms
[2020-10-30T01:26:30.222+0300][gc,cpu        ] GC(7) User=0.03s Sys=0.01s Real=0.03s
[2020-10-30T01:43:12.057+0300][gc,start      ] GC(8) Pause Young (Normal) (G1 Evacuation Pause)
[2020-10-30T01:43:12.067+0300][gc,task       ] GC(8) Using 4 workers of 4 for evacuation
[2020-10-30T01:43:12.096+0300][gc,mmu        ] GC(8) MMU target violated: 21.0ms (20.0ms/21.0ms)
[2020-10-30T01:43:12.096+0300][gc,phases     ] GC(8)   Pre Evacuate Collection Set: 0.1ms
[2020-10-30T01:43:12.096+0300][gc,phases     ] GC(8)   Evacuate Collection Set: 17.6ms
[2020-10-30T01:43:12.096+0300][gc,phases     ] GC(8)   Post Evacuate Collection Set: 10.8ms
[2020-10-30T01:43:12.096+0300][gc,phases     ] GC(8)   Other: 10.2ms
[2020-10-30T01:43:12.096+0300][gc,heap       ] GC(8) Eden regions: 47->0(47)
[2020-10-30T01:43:12.096+0300][gc,heap       ] GC(8) Survivor regions: 4->4(7)
[2020-10-30T01:43:12.096+0300][gc,heap       ] GC(8) Old regions: 14->14
[2020-10-30T01:43:12.097+0300][gc,heap       ] GC(8) Humongous regions: 129->129
[2020-10-30T01:43:12.097+0300][gc,metaspace  ] GC(8) Metaspace: 47676K->47676K(1093632K)
[2020-10-30T01:43:12.097+0300][gc            ] GC(8) Pause Young (Normal) (G1 Evacuation Pause) 193M->145M(1024M) 39.366ms
[2020-10-30T01:43:12.097+0300][gc,cpu        ] GC(8) User=0.01s Sys=0.01s Real=0.04s
[2020-10-30T02:00:27.021+0300][gc,start      ] GC(9) Pause Young (Normal) (G1 Evacuation Pause)
[2020-10-30T02:00:27.021+0300][gc,task       ] GC(9) Using 4 workers of 4 for evacuation
[2020-10-30T02:00:27.034+0300][gc,phases     ] GC(9)   Pre Evacuate Collection Set: 1.3ms
[2020-10-30T02:00:27.034+0300][gc,phases     ] GC(9)   Evacuate Collection Set: 10.5ms
[2020-10-30T02:00:27.034+0300][gc,phases     ] GC(9)   Post Evacuate Collection Set: 0.5ms
[2020-10-30T02:00:27.034+0300][gc,phases     ] GC(9)   Other: 0.8ms
[2020-10-30T02:00:27.034+0300][gc,heap       ] GC(9) Eden regions: 47->0(47)
[2020-10-30T02:00:27.034+0300][gc,heap       ] GC(9) Survivor regions: 4->4(7)
[2020-10-30T02:00:27.034+0300][gc,heap       ] GC(9) Old regions: 14->14
[2020-10-30T02:00:27.034+0300][gc,heap       ] GC(9) Humongous regions: 129->129
[2020-10-30T02:00:27.034+0300][gc,metaspace  ] GC(9) Metaspace: 47747K->47747K(1093632K)
[2020-10-30T02:00:27.034+0300][gc            ] GC(9) Pause Young (Normal) (G1 Evacuation Pause) 192M->146M(1024M) 13.319ms
[2020-10-30T02:00:27.034+0300][gc,cpu        ] GC(9) User=0.02s Sys=0.01s Real=0.01s
[2020-10-30T02:04:42.186+0300][gc,heap,exit  ] Heap
[2020-10-30T02:04:42.187+0300][gc,heap,exit  ]  garbage-first heap   total 1048576K, used 173326K [0x00000007c0000000, 0x0000000800000000)
[2020-10-30T02:04:42.187+0300][gc,heap,exit  ]   region size 1024K, 28 young (28672K), 4 survivors (4096K)
[2020-10-30T02:04:42.187+0300][gc,heap,exit  ]  Metaspace       used 48469K, capacity 50638K, committed 50896K, reserved 1093632K
[2020-10-30T02:04:42.187+0300][gc,heap,exit  ]   class space    used 5969K, capacity 6975K, committed 7040K, reserved 1048576K
