[2020-10-30T11:01:14.540+0300][gc,heap] Heap region size: 1M
[2020-10-30T11:01:14.552+0300][gc     ] Using G1
[2020-10-30T11:01:14.552+0300][gc,heap,coops] Heap address: 0x00000007c0000000, size: 1024 MB, Compressed Oops mode: Zero based, Oop shift amount: 3
[2020-10-30T11:01:22.202+0300][gc,start     ] GC(0) Pause Young (Concurrent Start) (Metadata GC Threshold)
[2020-10-30T11:01:22.203+0300][gc,task      ] GC(0) Using 4 workers of 4 for evacuation
[2020-10-30T11:01:22.229+0300][gc,mmu       ] GC(0) MMU target violated: 21.0ms (20.0ms/21.0ms)
[2020-10-30T11:01:22.229+0300][gc,phases    ] GC(0)   Pre Evacuate Collection Set: 0.0ms
[2020-10-30T11:01:22.229+0300][gc,phases    ] GC(0)   Evacuate Collection Set: 24.0ms
[2020-10-30T11:01:22.229+0300][gc,phases    ] GC(0)   Post Evacuate Collection Set: 1.0ms
[2020-10-30T11:01:22.230+0300][gc,phases    ] GC(0)   Other: 1.7ms
[2020-10-30T11:01:22.230+0300][gc,heap      ] GC(0) Eden regions: 39->0(44)
[2020-10-30T11:01:22.230+0300][gc,heap      ] GC(0) Survivor regions: 0->7(7)
[2020-10-30T11:01:22.230+0300][gc,heap      ] GC(0) Old regions: 0->0
[2020-10-30T11:01:22.230+0300][gc,heap      ] GC(0) Humongous regions: 0->0
[2020-10-30T11:01:22.230+0300][gc,metaspace ] GC(0) Metaspace: 20655K->20655K(1069056K)
[2020-10-30T11:01:22.230+0300][gc           ] GC(0) Pause Young (Concurrent Start) (Metadata GC Threshold) 39M->6M(1024M) 27.598ms
[2020-10-30T11:01:22.230+0300][gc,cpu       ] GC(0) User=0.02s Sys=0.00s Real=0.03s
[2020-10-30T11:01:22.230+0300][gc           ] GC(1) Concurrent Cycle
[2020-10-30T11:01:22.230+0300][gc,marking   ] GC(1) Concurrent Clear Claimed Marks
[2020-10-30T11:01:22.231+0300][gc,marking   ] GC(1) Concurrent Clear Claimed Marks 0.062ms
[2020-10-30T11:01:22.231+0300][gc,marking   ] GC(1) Concurrent Scan Root Regions
[2020-10-30T11:01:22.237+0300][gc,marking   ] GC(1) Concurrent Scan Root Regions 6.520ms
[2020-10-30T11:01:22.237+0300][gc,marking   ] GC(1) Concurrent Mark (7.708s)
[2020-10-30T11:01:22.237+0300][gc,marking   ] GC(1) Concurrent Mark From Roots
[2020-10-30T11:01:22.237+0300][gc,task      ] GC(1) Using 1 workers of 1 for marking
[2020-10-30T11:01:22.237+0300][gc,marking   ] GC(1) Concurrent Mark From Roots 0.194ms
[2020-10-30T11:01:22.237+0300][gc,marking   ] GC(1) Concurrent Preclean
[2020-10-30T11:01:22.237+0300][gc,marking   ] GC(1) Concurrent Preclean 0.033ms
[2020-10-30T11:01:22.237+0300][gc,marking   ] GC(1) Concurrent Mark (7.708s, 7.708s) 0.289ms
[2020-10-30T11:01:22.238+0300][gc,start     ] GC(1) Pause Remark
[2020-10-30T11:01:22.241+0300][gc,stringtable] GC(1) Cleaned string and symbol table, strings: 7296 processed, 0 removed, symbols: 63591 processed, 39 removed
[2020-10-30T11:01:22.241+0300][gc            ] GC(1) Pause Remark 6M->6M(1024M) 3.375ms
[2020-10-30T11:01:22.241+0300][gc,cpu        ] GC(1) User=0.00s Sys=0.00s Real=0.01s
[2020-10-30T11:01:22.241+0300][gc,marking    ] GC(1) Concurrent Rebuild Remembered Sets
[2020-10-30T11:01:22.241+0300][gc,marking    ] GC(1) Concurrent Rebuild Remembered Sets 0.065ms
[2020-10-30T11:01:22.241+0300][gc,start      ] GC(1) Pause Cleanup
[2020-10-30T11:01:22.241+0300][gc            ] GC(1) Pause Cleanup 6M->6M(1024M) 0.114ms
[2020-10-30T11:01:22.241+0300][gc,cpu        ] GC(1) User=0.00s Sys=0.00s Real=0.00s
[2020-10-30T11:01:22.241+0300][gc,marking    ] GC(1) Concurrent Cleanup for Next Mark
[2020-10-30T11:01:22.251+0300][gc,marking    ] GC(1) Concurrent Cleanup for Next Mark 9.997ms
[2020-10-30T11:01:22.252+0300][gc            ] GC(1) Concurrent Cycle 21.429ms
[2020-10-30T11:01:24.783+0300][gc,start      ] GC(2) Pause Young (Normal) (G1 Evacuation Pause)
[2020-10-30T11:01:24.783+0300][gc,task       ] GC(2) Using 4 workers of 4 for evacuation
[2020-10-30T11:01:24.795+0300][gc,phases     ] GC(2)   Pre Evacuate Collection Set: 0.0ms
[2020-10-30T11:01:24.795+0300][gc,phases     ] GC(2)   Evacuate Collection Set: 11.0ms
[2020-10-30T11:01:24.795+0300][gc,phases     ] GC(2)   Post Evacuate Collection Set: 0.7ms
[2020-10-30T11:01:24.795+0300][gc,phases     ] GC(2)   Other: 0.2ms
[2020-10-30T11:01:24.795+0300][gc,heap       ] GC(2) Eden regions: 44->0(48)
[2020-10-30T11:01:24.795+0300][gc,heap       ] GC(2) Survivor regions: 7->3(7)
[2020-10-30T11:01:24.795+0300][gc,heap       ] GC(2) Old regions: 0->7
[2020-10-30T11:01:24.795+0300][gc,heap       ] GC(2) Humongous regions: 129->129
[2020-10-30T11:01:24.795+0300][gc,metaspace  ] GC(2) Metaspace: 30751K->30751K(1077248K)
[2020-10-30T11:01:24.795+0300][gc            ] GC(2) Pause Young (Normal) (G1 Evacuation Pause) 179M->137M(1024M) 12.100ms
[2020-10-30T11:01:24.795+0300][gc,cpu        ] GC(2) User=0.02s Sys=0.01s Real=0.01s
[2020-10-30T11:01:30.625+0300][gc,start      ] GC(3) Pause Young (Concurrent Start) (Metadata GC Threshold)
[2020-10-30T11:01:30.625+0300][gc,task       ] GC(3) Using 4 workers of 4 for evacuation
[2020-10-30T11:01:30.632+0300][gc,phases     ] GC(3)   Pre Evacuate Collection Set: 0.1ms
[2020-10-30T11:01:30.632+0300][gc,phases     ] GC(3)   Evacuate Collection Set: 6.2ms
[2020-10-30T11:01:30.632+0300][gc,phases     ] GC(3)   Post Evacuate Collection Set: 0.3ms
[2020-10-30T11:01:30.632+0300][gc,phases     ] GC(3)   Other: 0.4ms
[2020-10-30T11:01:30.632+0300][gc,heap       ] GC(3) Eden regions: 25->0(46)
[2020-10-30T11:01:30.632+0300][gc,heap       ] GC(3) Survivor regions: 3->5(7)
[2020-10-30T11:01:30.632+0300][gc,heap       ] GC(3) Old regions: 7->7
[2020-10-30T11:01:30.632+0300][gc,heap       ] GC(3) Humongous regions: 129->129
[2020-10-30T11:01:30.632+0300][gc,metaspace  ] GC(3) Metaspace: 35047K->35047K(1081344K)
[2020-10-30T11:01:30.632+0300][gc            ] GC(3) Pause Young (Concurrent Start) (Metadata GC Threshold) 162M->139M(1024M) 7.233ms
[2020-10-30T11:01:30.632+0300][gc,cpu        ] GC(3) User=0.02s Sys=0.01s Real=0.01s
[2020-10-30T11:01:30.633+0300][gc            ] GC(4) Concurrent Cycle
[2020-10-30T11:01:30.633+0300][gc,marking    ] GC(4) Concurrent Clear Claimed Marks
[2020-10-30T11:01:30.633+0300][gc,marking    ] GC(4) Concurrent Clear Claimed Marks 0.070ms
[2020-10-30T11:01:30.633+0300][gc,marking    ] GC(4) Concurrent Scan Root Regions
[2020-10-30T11:01:30.638+0300][gc,marking    ] GC(4) Concurrent Scan Root Regions 5.260ms
[2020-10-30T11:01:30.638+0300][gc,marking    ] GC(4) Concurrent Mark (16.110s)
[2020-10-30T11:01:30.639+0300][gc,marking    ] GC(4) Concurrent Mark From Roots
[2020-10-30T11:01:30.639+0300][gc,task       ] GC(4) Using 1 workers of 1 for marking
[2020-10-30T11:01:30.650+0300][gc,marking    ] GC(4) Concurrent Mark From Roots 11.199ms
[2020-10-30T11:01:30.650+0300][gc,marking    ] GC(4) Concurrent Preclean
[2020-10-30T11:01:30.650+0300][gc,marking    ] GC(4) Concurrent Preclean 0.125ms
[2020-10-30T11:01:30.650+0300][gc,marking    ] GC(4) Concurrent Mark (16.110s, 16.121s) 11.459ms
[2020-10-30T11:01:30.651+0300][gc,start      ] GC(4) Pause Remark
[2020-10-30T11:01:30.655+0300][gc,stringtable] GC(4) Cleaned string and symbol table, strings: 12676 processed, 7 removed, symbols: 97373 processed, 24 removed
[2020-10-30T11:01:30.656+0300][gc            ] GC(4) Pause Remark 139M->139M(1024M) 4.713ms
[2020-10-30T11:01:30.656+0300][gc,cpu        ] GC(4) User=0.01s Sys=0.00s Real=0.00s
[2020-10-30T11:01:30.656+0300][gc,marking    ] GC(4) Concurrent Rebuild Remembered Sets
[2020-10-30T11:01:30.662+0300][gc,marking    ] GC(4) Concurrent Rebuild Remembered Sets 5.828ms
[2020-10-30T11:01:30.662+0300][gc,start      ] GC(4) Pause Cleanup
[2020-10-30T11:01:30.662+0300][gc            ] GC(4) Pause Cleanup 139M->139M(1024M) 0.156ms
[2020-10-30T11:01:30.662+0300][gc,cpu        ] GC(4) User=0.00s Sys=0.00s Real=0.00s
[2020-10-30T11:01:30.662+0300][gc,marking    ] GC(4) Concurrent Cleanup for Next Mark
[2020-10-30T11:01:30.672+0300][gc,marking    ] GC(4) Concurrent Cleanup for Next Mark 9.565ms
[2020-10-30T11:01:30.672+0300][gc            ] GC(4) Concurrent Cycle 39.031ms
[2020-10-30T11:02:01.271+0300][gc,heap,exit  ] Heap
[2020-10-30T11:02:01.274+0300][gc,heap,exit  ]  garbage-first heap   total 1048576K, used 187768K [0x00000007c0000000, 0x0000000800000000)
[2020-10-30T11:02:01.274+0300][gc,heap,exit  ]   region size 1024K, 51 young (52224K), 5 survivors (5120K)
[2020-10-30T11:02:01.274+0300][gc,heap,exit  ]  Metaspace       used 44867K, capacity 46702K, committed 46748K, reserved 1089536K
[2020-10-30T11:02:01.274+0300][gc,heap,exit  ]   class space    used 5588K, capacity 6432K, committed 6432K, reserved 1048576K
