[2020-10-30T11:02:55.136+0300][gc,heap] Heap region size: 1M
[2020-10-30T11:02:55.148+0300][gc     ] Using G1
[2020-10-30T11:02:55.149+0300][gc,heap,coops] Heap address: 0x00000007c0000000, size: 1024 MB, Compressed Oops mode: Zero based, Oop shift amount: 3
[2020-10-30T11:03:02.319+0300][gc,start     ] GC(0) Pause Young (Concurrent Start) (Metadata GC Threshold)
[2020-10-30T11:03:02.320+0300][gc,task      ] GC(0) Using 4 workers of 4 for evacuation
[2020-10-30T11:03:02.329+0300][gc,phases    ] GC(0)   Pre Evacuate Collection Set: 0.0ms
[2020-10-30T11:03:02.329+0300][gc,phases    ] GC(0)   Evacuate Collection Set: 8.2ms
[2020-10-30T11:03:02.329+0300][gc,phases    ] GC(0)   Post Evacuate Collection Set: 0.4ms
[2020-10-30T11:03:02.329+0300][gc,phases    ] GC(0)   Other: 0.7ms
[2020-10-30T11:03:02.329+0300][gc,heap      ] GC(0) Eden regions: 40->0(44)
[2020-10-30T11:03:02.329+0300][gc,heap      ] GC(0) Survivor regions: 0->7(7)
[2020-10-30T11:03:02.329+0300][gc,heap      ] GC(0) Old regions: 0->0
[2020-10-30T11:03:02.329+0300][gc,heap      ] GC(0) Humongous regions: 0->0
[2020-10-30T11:03:02.329+0300][gc,metaspace ] GC(0) Metaspace: 20724K->20724K(1069056K)
[2020-10-30T11:03:02.329+0300][gc           ] GC(0) Pause Young (Concurrent Start) (Metadata GC Threshold) 39M->6M(1024M) 9.528ms
[2020-10-30T11:03:02.329+0300][gc,cpu       ] GC(0) User=0.02s Sys=0.00s Real=0.01s
[2020-10-30T11:03:02.329+0300][gc           ] GC(1) Concurrent Cycle
[2020-10-30T11:03:02.329+0300][gc,marking   ] GC(1) Concurrent Clear Claimed Marks
[2020-10-30T11:03:02.329+0300][gc,marking   ] GC(1) Concurrent Clear Claimed Marks 0.046ms
[2020-10-30T11:03:02.329+0300][gc,marking   ] GC(1) Concurrent Scan Root Regions
[2020-10-30T11:03:02.334+0300][gc,marking   ] GC(1) Concurrent Scan Root Regions 4.702ms
[2020-10-30T11:03:02.334+0300][gc,marking   ] GC(1) Concurrent Mark (7.211s)
[2020-10-30T11:03:02.334+0300][gc,marking   ] GC(1) Concurrent Mark From Roots
[2020-10-30T11:03:02.334+0300][gc,task      ] GC(1) Using 1 workers of 1 for marking
[2020-10-30T11:03:02.334+0300][gc,marking   ] GC(1) Concurrent Mark From Roots 0.224ms
[2020-10-30T11:03:02.334+0300][gc,marking   ] GC(1) Concurrent Preclean
[2020-10-30T11:03:02.334+0300][gc,marking   ] GC(1) Concurrent Preclean 0.033ms
[2020-10-30T11:03:02.334+0300][gc,marking   ] GC(1) Concurrent Mark (7.211s, 7.211s) 0.319ms
[2020-10-30T11:03:02.334+0300][gc,start     ] GC(1) Pause Remark
[2020-10-30T11:03:02.337+0300][gc,stringtable] GC(1) Cleaned string and symbol table, strings: 7302 processed, 0 removed, symbols: 63622 processed, 43 removed
[2020-10-30T11:03:02.338+0300][gc            ] GC(1) Pause Remark 6M->6M(1024M) 3.297ms
[2020-10-30T11:03:02.338+0300][gc,cpu        ] GC(1) User=0.01s Sys=0.00s Real=0.00s
[2020-10-30T11:03:02.338+0300][gc,marking    ] GC(1) Concurrent Rebuild Remembered Sets
[2020-10-30T11:03:02.338+0300][gc,marking    ] GC(1) Concurrent Rebuild Remembered Sets 0.103ms
[2020-10-30T11:03:02.338+0300][gc,start      ] GC(1) Pause Cleanup
[2020-10-30T11:03:02.338+0300][gc            ] GC(1) Pause Cleanup 6M->6M(1024M) 0.187ms
[2020-10-30T11:03:02.338+0300][gc,cpu        ] GC(1) User=0.00s Sys=0.00s Real=0.00s
[2020-10-30T11:03:02.338+0300][gc,marking    ] GC(1) Concurrent Cleanup for Next Mark
[2020-10-30T11:03:02.348+0300][gc,marking    ] GC(1) Concurrent Cleanup for Next Mark 10.122ms
[2020-10-30T11:03:02.348+0300][gc            ] GC(1) Concurrent Cycle 19.491ms
[2020-10-30T11:03:03.565+0300][gc,start      ] GC(2) Pause Young (Normal) (G1 Evacuation Pause)
[2020-10-30T11:03:03.565+0300][gc,task       ] GC(2) Using 4 workers of 4 for evacuation
[2020-10-30T11:03:03.581+0300][gc,phases     ] GC(2)   Pre Evacuate Collection Set: 0.0ms
[2020-10-30T11:03:03.581+0300][gc,phases     ] GC(2)   Evacuate Collection Set: 15.0ms
[2020-10-30T11:03:03.581+0300][gc,phases     ] GC(2)   Post Evacuate Collection Set: 0.7ms
[2020-10-30T11:03:03.581+0300][gc,phases     ] GC(2)   Other: 0.2ms
[2020-10-30T11:03:03.581+0300][gc,heap       ] GC(2) Eden regions: 44->0(48)
[2020-10-30T11:03:03.581+0300][gc,heap       ] GC(2) Survivor regions: 7->3(7)
[2020-10-30T11:03:03.582+0300][gc,heap       ] GC(2) Old regions: 0->7
[2020-10-30T11:03:03.582+0300][gc,heap       ] GC(2) Humongous regions: 129->129
[2020-10-30T11:03:03.582+0300][gc,metaspace  ] GC(2) Metaspace: 30528K->30528K(1077248K)
[2020-10-30T11:03:03.582+0300][gc            ] GC(2) Pause Young (Normal) (G1 Evacuation Pause) 179M->137M(1024M) 16.140ms
[2020-10-30T11:03:03.582+0300][gc,cpu        ] GC(2) User=0.04s Sys=0.01s Real=0.02s
[2020-10-30T11:03:04.088+0300][gc,start      ] GC(3) Pause Young (Concurrent Start) (Metadata GC Threshold)
[2020-10-30T11:03:04.088+0300][gc,task       ] GC(3) Using 4 workers of 4 for evacuation
[2020-10-30T11:03:04.092+0300][gc,phases     ] GC(3)   Pre Evacuate Collection Set: 0.1ms
[2020-10-30T11:03:04.092+0300][gc,phases     ] GC(3)   Evacuate Collection Set: 3.4ms
[2020-10-30T11:03:04.092+0300][gc,phases     ] GC(3)   Post Evacuate Collection Set: 0.3ms
[2020-10-30T11:03:04.092+0300][gc,phases     ] GC(3)   Other: 0.2ms
[2020-10-30T11:03:04.092+0300][gc,heap       ] GC(3) Eden regions: 22->0(47)
[2020-10-30T11:03:04.092+0300][gc,heap       ] GC(3) Survivor regions: 3->4(7)
[2020-10-30T11:03:04.092+0300][gc,heap       ] GC(3) Old regions: 7->7
[2020-10-30T11:03:04.092+0300][gc,heap       ] GC(3) Humongous regions: 129->129
[2020-10-30T11:03:04.092+0300][gc,metaspace  ] GC(3) Metaspace: 34907K->34907K(1081344K)
[2020-10-30T11:03:04.092+0300][gc            ] GC(3) Pause Young (Concurrent Start) (Metadata GC Threshold) 158M->138M(1024M) 4.211ms
[2020-10-30T11:03:04.092+0300][gc,cpu        ] GC(3) User=0.01s Sys=0.00s Real=0.01s
[2020-10-30T11:03:04.093+0300][gc            ] GC(4) Concurrent Cycle
[2020-10-30T11:03:04.093+0300][gc,marking    ] GC(4) Concurrent Clear Claimed Marks
[2020-10-30T11:03:04.093+0300][gc,marking    ] GC(4) Concurrent Clear Claimed Marks 0.066ms
[2020-10-30T11:03:04.093+0300][gc,marking    ] GC(4) Concurrent Scan Root Regions
[2020-10-30T11:03:04.096+0300][gc,marking    ] GC(4) Concurrent Scan Root Regions 3.703ms
[2020-10-30T11:03:04.096+0300][gc,marking    ] GC(4) Concurrent Mark (8.974s)
[2020-10-30T11:03:04.097+0300][gc,marking    ] GC(4) Concurrent Mark From Roots
[2020-10-30T11:03:04.097+0300][gc,task       ] GC(4) Using 1 workers of 1 for marking
[2020-10-30T11:03:04.106+0300][gc,marking    ] GC(4) Concurrent Mark From Roots 9.437ms
[2020-10-30T11:03:04.106+0300][gc,marking    ] GC(4) Concurrent Preclean
[2020-10-30T11:03:04.106+0300][gc,marking    ] GC(4) Concurrent Preclean 0.073ms
[2020-10-30T11:03:04.106+0300][gc,marking    ] GC(4) Concurrent Mark (8.974s, 8.983s) 9.591ms
[2020-10-30T11:03:04.106+0300][gc,start      ] GC(4) Pause Remark
[2020-10-30T11:03:04.110+0300][gc,stringtable] GC(4) Cleaned string and symbol table, strings: 11351 processed, 6 removed, symbols: 95647 processed, 24 removed
[2020-10-30T11:03:04.110+0300][gc            ] GC(4) Pause Remark 139M->139M(1024M) 3.633ms
[2020-10-30T11:03:04.110+0300][gc,cpu        ] GC(4) User=0.01s Sys=0.00s Real=0.01s
[2020-10-30T11:03:04.110+0300][gc,marking    ] GC(4) Concurrent Rebuild Remembered Sets
[2020-10-30T11:03:04.116+0300][gc,marking    ] GC(4) Concurrent Rebuild Remembered Sets 6.037ms
[2020-10-30T11:03:04.116+0300][gc,start      ] GC(4) Pause Cleanup
[2020-10-30T11:03:04.116+0300][gc            ] GC(4) Pause Cleanup 139M->139M(1024M) 0.155ms
[2020-10-30T11:03:04.117+0300][gc,cpu        ] GC(4) User=0.00s Sys=0.00s Real=0.00s
[2020-10-30T11:03:04.117+0300][gc,marking    ] GC(4) Concurrent Cleanup for Next Mark
[2020-10-30T11:03:04.128+0300][gc,marking    ] GC(4) Concurrent Cleanup for Next Mark 10.909ms
[2020-10-30T11:03:04.128+0300][gc            ] GC(4) Concurrent Cycle 34.978ms
[2020-10-30T11:04:19.460+0300][gc,start      ] GC(5) Pause Young (Normal) (G1 Evacuation Pause)
[2020-10-30T11:04:19.461+0300][gc,task       ] GC(5) Using 4 workers of 4 for evacuation
[2020-10-30T11:04:19.476+0300][gc,phases     ] GC(5)   Pre Evacuate Collection Set: 0.0ms
[2020-10-30T11:04:19.476+0300][gc,phases     ] GC(5)   Evacuate Collection Set: 13.3ms
[2020-10-30T11:04:19.476+0300][gc,phases     ] GC(5)   Post Evacuate Collection Set: 0.7ms
[2020-10-30T11:04:19.476+0300][gc,phases     ] GC(5)   Other: 1.6ms
[2020-10-30T11:04:19.476+0300][gc,heap       ] GC(5) Eden regions: 47->0(44)
[2020-10-30T11:04:19.476+0300][gc,heap       ] GC(5) Survivor regions: 4->7(7)
[2020-10-30T11:04:19.476+0300][gc,heap       ] GC(5) Old regions: 7->7
[2020-10-30T11:04:19.476+0300][gc,heap       ] GC(5) Humongous regions: 129->129
[2020-10-30T11:04:19.476+0300][gc,metaspace  ] GC(5) Metaspace: 44093K->44093K(1089536K)
[2020-10-30T11:04:19.476+0300][gc            ] GC(5) Pause Young (Normal) (G1 Evacuation Pause) 185M->141M(1024M) 15.978ms
[2020-10-30T11:04:19.476+0300][gc,cpu        ] GC(5) User=0.03s Sys=0.00s Real=0.01s
[2020-10-30T11:11:33.710+0300][gc,start      ] GC(6) Pause Young (Normal) (G1 Evacuation Pause)
[2020-10-30T11:11:33.711+0300][gc,task       ] GC(6) Using 4 workers of 4 for evacuation
[2020-10-30T11:11:33.759+0300][gc,mmu        ] GC(6) MMU target violated: 21.0ms (20.0ms/21.0ms)
[2020-10-30T11:11:33.760+0300][gc,phases     ] GC(6)   Pre Evacuate Collection Set: 1.3ms
[2020-10-30T11:11:33.760+0300][gc,phases     ] GC(6)   Evacuate Collection Set: 46.0ms
[2020-10-30T11:11:33.760+0300][gc,phases     ] GC(6)   Post Evacuate Collection Set: 0.7ms
[2020-10-30T11:11:33.760+0300][gc,phases     ] GC(6)   Other: 2.1ms
[2020-10-30T11:11:33.760+0300][gc,heap       ] GC(6) Eden regions: 44->0(44)
[2020-10-30T11:11:33.760+0300][gc,heap       ] GC(6) Survivor regions: 7->7(7)
[2020-10-30T11:11:33.760+0300][gc,heap       ] GC(6) Old regions: 7->10
[2020-10-30T11:11:33.760+0300][gc,heap       ] GC(6) Humongous regions: 129->129
[2020-10-30T11:11:33.760+0300][gc,metaspace  ] GC(6) Metaspace: 47430K->47430K(1091584K)
[2020-10-30T11:11:33.760+0300][gc            ] GC(6) Pause Young (Normal) (G1 Evacuation Pause) 185M->145M(1024M) 50.198ms
[2020-10-30T11:11:33.760+0300][gc,cpu        ] GC(6) User=0.04s Sys=0.12s Real=0.05s
[2020-10-30T11:25:34.490+0300][gc,start      ] GC(7) Pause Young (Normal) (G1 Evacuation Pause)
[2020-10-30T11:25:34.493+0300][gc,task       ] GC(7) Using 4 workers of 4 for evacuation
[2020-10-30T11:25:34.514+0300][gc,mmu        ] GC(7) MMU target violated: 20.9ms (20.0ms/21.0ms)
[2020-10-30T11:25:34.514+0300][gc,phases     ] GC(7)   Pre Evacuate Collection Set: 1.4ms
[2020-10-30T11:25:34.514+0300][gc,phases     ] GC(7)   Evacuate Collection Set: 18.8ms
[2020-10-30T11:25:34.514+0300][gc,phases     ] GC(7)   Post Evacuate Collection Set: 0.5ms
[2020-10-30T11:25:34.514+0300][gc,phases     ] GC(7)   Other: 3.6ms
[2020-10-30T11:25:34.514+0300][gc,heap       ] GC(7) Eden regions: 44->0(47)
[2020-10-30T11:25:34.514+0300][gc,heap       ] GC(7) Survivor regions: 7->4(7)
[2020-10-30T11:25:34.514+0300][gc,heap       ] GC(7) Old regions: 10->13
[2020-10-30T11:25:34.514+0300][gc,heap       ] GC(7) Humongous regions: 129->129
[2020-10-30T11:25:34.514+0300][gc,metaspace  ] GC(7) Metaspace: 47666K->47666K(1093632K)
[2020-10-30T11:25:34.514+0300][gc            ] GC(7) Pause Young (Normal) (G1 Evacuation Pause) 189M->145M(1024M) 24.435ms
[2020-10-30T11:25:34.514+0300][gc,cpu        ] GC(7) User=0.03s Sys=0.04s Real=0.02s
[2020-10-30T11:41:37.886+0300][gc,start      ] GC(8) Pause Young (Normal) (G1 Evacuation Pause)
[2020-10-30T11:41:37.886+0300][gc,task       ] GC(8) Using 4 workers of 4 for evacuation
[2020-10-30T11:41:37.906+0300][gc,phases     ] GC(8)   Pre Evacuate Collection Set: 1.4ms
[2020-10-30T11:41:37.906+0300][gc,phases     ] GC(8)   Evacuate Collection Set: 17.7ms
[2020-10-30T11:41:37.906+0300][gc,phases     ] GC(8)   Post Evacuate Collection Set: 0.5ms
[2020-10-30T11:41:37.906+0300][gc,phases     ] GC(8)   Other: 1.1ms
[2020-10-30T11:41:37.906+0300][gc,heap       ] GC(8) Eden regions: 47->0(47)
[2020-10-30T11:41:37.906+0300][gc,heap       ] GC(8) Survivor regions: 4->4(7)
[2020-10-30T11:41:37.906+0300][gc,heap       ] GC(8) Old regions: 13->13
[2020-10-30T11:41:37.906+0300][gc,heap       ] GC(8) Humongous regions: 129->129
[2020-10-30T11:41:37.906+0300][gc,metaspace  ] GC(8) Metaspace: 47837K->47837K(1093632K)
[2020-10-30T11:41:37.906+0300][gc            ] GC(8) Pause Young (Normal) (G1 Evacuation Pause) 192M->145M(1024M) 20.857ms
[2020-10-30T11:41:37.906+0300][gc,cpu        ] GC(8) User=0.02s Sys=0.04s Real=0.02s
[2020-10-30T11:58:34.621+0300][gc,start      ] GC(9) Pause Young (Normal) (G1 Evacuation Pause)
[2020-10-30T11:58:34.623+0300][gc,task       ] GC(9) Using 4 workers of 4 for evacuation
[2020-10-30T11:58:34.637+0300][gc,phases     ] GC(9)   Pre Evacuate Collection Set: 1.3ms
[2020-10-30T11:58:34.637+0300][gc,phases     ] GC(9)   Evacuate Collection Set: 11.8ms
[2020-10-30T11:58:34.637+0300][gc,phases     ] GC(9)   Post Evacuate Collection Set: 0.5ms
[2020-10-30T11:58:34.637+0300][gc,phases     ] GC(9)   Other: 2.0ms
[2020-10-30T11:58:34.637+0300][gc,heap       ] GC(9) Eden regions: 47->0(47)
[2020-10-30T11:58:34.637+0300][gc,heap       ] GC(9) Survivor regions: 4->4(7)
[2020-10-30T11:58:34.637+0300][gc,heap       ] GC(9) Old regions: 13->13
[2020-10-30T11:58:34.637+0300][gc,heap       ] GC(9) Humongous regions: 129->129
[2020-10-30T11:58:34.637+0300][gc,metaspace  ] GC(9) Metaspace: 47916K->47916K(1093632K)
[2020-10-30T11:58:34.637+0300][gc            ] GC(9) Pause Young (Normal) (G1 Evacuation Pause) 192M->145M(1024M) 15.761ms
[2020-10-30T11:58:34.637+0300][gc,cpu        ] GC(9) User=0.02s Sys=0.03s Real=0.01s
[2020-10-30T12:14:19.779+0300][gc,start      ] GC(10) Pause Young (Normal) (G1 Evacuation Pause)
[2020-10-30T12:14:19.780+0300][gc,task       ] GC(10) Using 4 workers of 4 for evacuation
[2020-10-30T12:14:19.791+0300][gc,phases     ] GC(10)   Pre Evacuate Collection Set: 1.6ms
[2020-10-30T12:14:19.791+0300][gc,phases     ] GC(10)   Evacuate Collection Set: 8.9ms
[2020-10-30T12:14:19.791+0300][gc,phases     ] GC(10)   Post Evacuate Collection Set: 0.5ms
[2020-10-30T12:14:19.791+0300][gc,phases     ] GC(10)   Other: 0.7ms
[2020-10-30T12:14:19.791+0300][gc,heap       ] GC(10) Eden regions: 47->0(48)
[2020-10-30T12:14:19.791+0300][gc,heap       ] GC(10) Survivor regions: 4->3(7)
[2020-10-30T12:14:19.791+0300][gc,heap       ] GC(10) Old regions: 13->15
[2020-10-30T12:14:19.791+0300][gc,heap       ] GC(10) Humongous regions: 129->129
[2020-10-30T12:14:19.791+0300][gc,metaspace  ] GC(10) Metaspace: 47990K->47990K(1093632K)
[2020-10-30T12:14:19.791+0300][gc            ] GC(10) Pause Young (Normal) (G1 Evacuation Pause) 192M->145M(1024M) 11.866ms
[2020-10-30T12:14:19.791+0300][gc,cpu        ] GC(10) User=0.02s Sys=0.02s Real=0.02s
