[2020-10-30T01:00:29.971+0300][gc,heap] Heap region size: 1M
[2020-10-30T01:00:29.977+0300][gc     ] Using G1
[2020-10-30T01:00:29.977+0300][gc,heap,coops] Heap address: 0x00000007e0000000, size: 512 MB, Compressed Oops mode: Zero based, Oop shift amount: 3
[2020-10-30T01:01:20.323+0300][gc,start     ] GC(0) Pause Young (Normal) (G1 Evacuation Pause)
[2020-10-30T01:01:20.323+0300][gc,task      ] GC(0) Using 4 workers of 4 for evacuation
[2020-10-30T01:01:20.330+0300][gc,phases    ] GC(0)   Pre Evacuate Collection Set: 0.0ms
[2020-10-30T01:01:20.330+0300][gc,phases    ] GC(0)   Evacuate Collection Set: 6.2ms
[2020-10-30T01:01:20.330+0300][gc,phases    ] GC(0)   Post Evacuate Collection Set: 0.4ms
[2020-10-30T01:01:20.330+0300][gc,phases    ] GC(0)   Other: 0.5ms
[2020-10-30T01:01:20.330+0300][gc,heap      ] GC(0) Eden regions: 25->0(21)
[2020-10-30T01:01:20.330+0300][gc,heap      ] GC(0) Survivor regions: 0->4(4)
[2020-10-30T01:01:20.330+0300][gc,heap      ] GC(0) Old regions: 0->2
[2020-10-30T01:01:20.330+0300][gc,heap      ] GC(0) Humongous regions: 0->0
[2020-10-30T01:01:20.330+0300][gc,metaspace ] GC(0) Metaspace: 15256K->15256K(1062912K)
[2020-10-30T01:01:20.330+0300][gc           ] GC(0) Pause Young (Normal) (G1 Evacuation Pause) 25M->5M(512M) 7.347ms
[2020-10-30T01:01:20.330+0300][gc,cpu       ] GC(0) User=0.02s Sys=0.01s Real=0.01s
[2020-10-30T02:04:37.276+0300][gc,heap,exit ] Heap
[2020-10-30T02:04:37.277+0300][gc,heap,exit ]  garbage-first heap   total 524288K, used 14063K [0x00000007e0000000, 0x0000000800000000)
[2020-10-30T02:04:37.277+0300][gc,heap,exit ]   region size 1024K, 13 young (13312K), 4 survivors (4096K)
[2020-10-30T02:04:37.277+0300][gc,heap,exit ]  Metaspace       used 16036K, capacity 16378K, committed 16640K, reserved 1064960K
[2020-10-30T02:04:37.277+0300][gc,heap,exit ]   class space    used 1583K, capacity 1710K, committed 1792K, reserved 1048576K
