[2020-10-30T11:00:54.087+0300][gc,heap] Heap region size: 1M
[2020-10-30T11:00:54.095+0300][gc     ] Using G1
[2020-10-30T11:00:54.095+0300][gc,heap,coops] Heap address: 0x00000007e0000000, size: 512 MB, Compressed Oops mode: Zero based, Oop shift amount: 3
[2020-10-30T11:01:22.592+0300][gc,start     ] GC(0) Pause Young (Normal) (G1 Evacuation Pause)
[2020-10-30T11:01:22.592+0300][gc,task      ] GC(0) Using 4 workers of 4 for evacuation
[2020-10-30T11:01:22.619+0300][gc,mmu       ] GC(0) MMU target violated: 21.0ms (20.0ms/21.0ms)
[2020-10-30T11:01:22.619+0300][gc,phases    ] GC(0)   Pre Evacuate Collection Set: 1.0ms
[2020-10-30T11:01:22.619+0300][gc,phases    ] GC(0)   Evacuate Collection Set: 22.4ms
[2020-10-30T11:01:22.619+0300][gc,phases    ] GC(0)   Post Evacuate Collection Set: 3.3ms
[2020-10-30T11:01:22.619+0300][gc,phases    ] GC(0)   Other: 0.8ms
[2020-10-30T11:01:22.619+0300][gc,heap      ] GC(0) Eden regions: 25->0(21)
[2020-10-30T11:01:22.619+0300][gc,heap      ] GC(0) Survivor regions: 0->4(4)
[2020-10-30T11:01:22.619+0300][gc,heap      ] GC(0) Old regions: 0->2
[2020-10-30T11:01:22.619+0300][gc,heap      ] GC(0) Humongous regions: 0->0
[2020-10-30T11:01:22.619+0300][gc,metaspace ] GC(0) Metaspace: 15267K->15267K(1062912K)
[2020-10-30T11:01:22.619+0300][gc           ] GC(0) Pause Young (Normal) (G1 Evacuation Pause) 25M->5M(512M) 27.600ms
[2020-10-30T11:01:22.619+0300][gc,cpu       ] GC(0) User=0.01s Sys=0.02s Real=0.02s
